<html>
<body>
<pre>
<h1>礦ision Build Log</h1>
<h2>Tool Versions:</h2>
IDE-Version: μVision V5.15
Copyright (C) 2015 ARM Ltd and ARM Germany GmbH. All rights reserved.
License Information:  ,  , LIC=CRMNN-YE90G-LUF4M-X1DHB-5WIZM-JJ29W
 
Tool Versions:
Toolchain:       MDK-ARM Professional  Version: 5.15.0
Toolchain Path:  D:\KEIL5\ARM\ARMCC\Bin
C Compiler:      Armcc.exe V5.05 update 2 (build 169)
Assembler:       Armasm.exe V5.05 update 2 (build 169)
Linker/Locator:  ArmLink.exe V5.05 update 2 (build 169)
Library Manager: ArmAr.exe V5.05 update 2 (build 169)
Hex Converter:   FromElf.exe V5.05 update 2 (build 169)
CPU DLL:         
Dialog DLL:      DCM.DLL V1.13.2.0
Target DLL:      STLink\ST-LINKIII-KEIL_SWO.dll V2.0.15.0_KEIL
Dialog DLL:      TCM.DLL V1.14.5.0
 
<h2>Project:</h2>
E:\研究生生涯\4、项目应用\8、四足机器人\1、实验室工程资料\3、控制软件部分\1、电机程序\1、电机驱动源码【我注释过】\MIT_MiniDogKeilSource（我阅读源码在这里）\Hobbyking_Cheetah_Compact_DRV8323.uvprojx
Project File Date:  08/11/2020

<h2>Output:</h2>
*** Using Compiler 'V5.05 update 2 (build 169)', folder: 'D:\KEIL5\ARM\ARMCC\Bin'
Build target 'Hobbyking_Cheetah_Compact_DRV8323'
compiling foc.cpp...
linking...
.\BUILD\Hobbyking_Cheetah_Compact_DRV8323.axf: Warning: L6320W: Ignoring --keep command. Cannot find argument 'os_cb_sections'.
Program Size: Code=65584 RO-data=6344 RW-data=328 ZI-data=5128  
Finished: 0 information, 1 warning and 0 error messages.
FromELF: creating hex file...
".\BUILD\Hobbyking_Cheetah_Compact_DRV8323.axf" - 0 Error(s), 1 Warning(s).

<h2>Collection of Component include folders:</h2>
  E:\研究生生涯\4、项目应用\8、四足机器人\1、实验室工程资料\3、控制软件部分\1、电机程序\1、电机驱动源码【我注释过】\MIT_MiniDogKeilSource（我阅读源码在这里）\RTE
  D:\KEIL5\Keil\STM32F4xx_DFP\2.11.0\Drivers\CMSIS\Device\ST\STM32F4xx\Include

<h2>Collection of Component Files used:</h2>
</pre>
</body>
</html>
